Microchip MPLAB XC8 Compiler V2.45

Linker command line:

-W-3 \
  --edf=C:\Program Files\Microchip\xc8\v2.45\pic\dat\20230818022343_en.msgs \
  -cn -h+dist/default/debug\final-project-dej-jonny.debug.sym \
  --cmf=dist/default/debug\final-project-dej-jonny.debug.cmf -z -Q18F67K40 \
  -oC:\Users\WOLFGANG\AppData\Local\Temp\xcAs9mc.\driver_tmp_3.o \
  --defsym=__MPLAB_BUILD=1 --fixupoverflow=error \
  -Mdist/default/debug/final-project-dej-jonny.debug.map \
  --md=C:\Users\WOLFGANG\AppData\Local\Temp\xcAs9mc.\driver_tmp_0.dat -E1 \
  -ver=XC8 Compiler --acfsm=1493 -ACODE=00h-01FFFFh -ACONST=00h-01FFFFh \
  -ASMALLCONST=0E00h-0EFFhx498 -AMEDIUMCONST=0E00h-0FFFFh,010E00h-01FFFFh \
  -ACOMRAM=01h-05Fh -AABS1=00h-0DE9h -ABIGRAM=01h-0DE9h \
  -ARAM=060h-0FFh,0100h-01FFhx12,0D00h-0DE9h -ABANK0=060h-0FFh \
  -ABANK1=0100h-01FFh -ABANK2=0200h-02FFh -ABANK3=0300h-03FFh \
  -ABANK4=0400h-04FFh -ABANK5=0500h-05FFh -ABANK6=0600h-06FFh \
  -ABANK7=0700h-07FFh -ABANK8=0800h-08FFh -ABANK9=0900h-09FFh \
  -ABANK10=0A00h-0AFFh -ABANK11=0B00h-0BFFh -ABANK12=0C00h-0CFFh \
  -ABANK13=0D00h-0DE9h \
  -ASFR=0DEFh-0DFFh,0E00h-0EFFh,0F00h-0F5Fh,0F60h-0FFFh \
  -ABIGSFR=0DEFh-0FFFh -ACONFIG=0300000h-030000Bh -AIDLOC=0200000h-020000Fh \
  -AEEDATA=0310000h-03103FFh -peeprom_data=EEDATA \
  -preset_vec=00h,intcode=08h,intcodelo,powerup,init -pramtop=0E00h \
  -psmallconst=SMALLCONST -pmediumconst=MEDIUMCONST -pconst=CONST \
  -AFARRAM=00h-00h \
  -prdata=COMRAM,nvrram=COMRAM,nvbit=COMRAM,rbss=COMRAM,rbit=COMRAM \
  -pfarbss=FARRAM,fardata=FARRAM,nvFARRAM=FARRAM \
  -pintsave_regs=BIGRAM,bigbss=BIGRAM,bigdata=BIGRAM -pbss=RAM \
  -pidata=CODE,irdata=CODE,ibigdata=CODE,ifardata=CODE -prparam=COMRAM \
  C:\Users\WOLFGANG\AppData\Local\Temp\xcAs9mc.\driver_tmp_14.o \
  dist/default/debug\final-project-dej-jonny.debug.o 

Object code version is 3.11

Machine type is 18F67K40



                Name                               Link     Load   Length Selector   Space Scale
C:\Users\WOLFGANG\AppData\Local\Temp\xcAs9mc.\driver_tmp_14.o
                config                           300000   300000        6        0       4
                init                                 4E       4E        4        4       0
                reset_vec                             0        0        4        0       0
dist/default/debug\final-project-dej-jonny.debug.o
                intcode                               8        8       46        4       0
                config                           300000   300000        6        0       4
                temp                                 5A       5A        1        1       1
                smallconst                          E00      E00       3E      700       0
                text48                             2ABE     2ABE       2C      71F       0
                text47                             2BFE     2BFE       18     15F3       0
                text45                             2C22     2C22        C     15F3       0
                text44                             1E56     1E56      10C      71F       0
                text43                             2B64     2B64       26      71F       0
                text42                             2A5C     2A5C       34      71F       0
                text41                             2B3C     2B3C       28      71F       0
                text40                             294A     294A       42      71F       0
                text39                             2C42     2C42        A     15F3       0
                text38                             2C38     2C38        A     15F3       0
                text37                             2C2E     2C2E        A     15F3       0
                text36                             2C16     2C16        C     15F3       0
                text35                             13E8     13E8      1B8      71F       0
                text34                             2B14     2B14       28      71F       0
                text33                              E3E      E3E      2EA      71F       0
                text32                             1F62     1F62      102      71F       0
                text31                             230A     230A       C4      71F       0
                text30                             1898     1898      140      71F       0
                text29                             2150     2150       EA      71F       0
                text28                             28BE     28BE       4A      71F       0
                text27                             172A     172A      16E      71F       0
                text26                             2864     2864       5A      71F       0
                text25                             1D4A     1D4A      10C      71F       0
                text24                             1C3E     1C3E      10C      71F       0
                text23                             273C     273C       64      71F       0
                text22                             19D8     19D8      13E      71F       0
                text21                             2A90     2A90       2E      71F       0
                text20                             2BE6     2BE6       18     15F3       0
                text19                             2802     2802       62      71F       0
                text18                             2064     2064       EC      71F       0
                text17                             2C4C     2C4C        2     15F3       0
                text16                             23CE     23CE       AA      71F       0
                text15                             1128     1128      2C0      71F       0
                text14                             2908     2908       42      71F       0
                text13                             2A28     2A28       34      71F       0
                text12                             1B16     1B16      128      71F       0
                text11                             2648     2648       7C      71F       0
                text10                             15A0     15A0      18A      71F       0
                text9                              27A0     27A0       62      71F       0
                text8                              2AEA     2AEA       2A      71F       0
                text7                              2BAC     2BAC       20      71F       0
                text6                              29F4     29F4       34      71F       0
                text5                              2478     2478       A4      71F       0
                text4                              251C     251C       9E      71F       0
                text3                              2B8A     2B8A       22      71F       0
                text2                              29C0     29C0       34      71F       0
                text1                              298C     298C       34      71F       0
                text0                              26C4     26C4       78      71F       0
                cstackCOMRAM                          1        1       56        1       1
                cstackBANK0                          60       60       94       60       1
                cstackBANK3                         35C      35C       19      300       1
                bssBANK4                            400      400       C8      400       1
                bssBANK3                            300      300       5C      300       1
                dataBANK2                           2E1      2E1       19      200       1
                bssBANK2                            200      200       E1      200       1
                dataBANK1                           100      100       D0      100       1
                bssBANK1                            1D0      1D0       20      100       1
                bssBANK0                             F4       F4        6       60       1
                bssCOMRAM                            57       57        3        1       1
                cinit                              25BA     25BA       8E      71F       0
                idataBANK2                         2BCC     2BCC       19      71F       0
                idataBANK1                         223A     223A       D0      71F       0

TOTAL           Name                               Link     Load   Length     Space
        CLASS   CODE           
                intcode                               8        8       46         0
                init                                 4E       4E        4         0
                reset_vec                             0        0        4         0
                text48                             2ABE     2ABE       2C         0
                text47                             2BFE     2BFE       18         0
                text45                             2C22     2C22        C         0
                text44                             1E56     1E56      10C         0
                text43                             2B64     2B64       26         0
                text42                             2A5C     2A5C       34         0
                text41                             2B3C     2B3C       28         0
                text40                             294A     294A       42         0
                text39                             2C42     2C42        A         0
                text38                             2C38     2C38        A         0
                text37                             2C2E     2C2E        A         0
                text36                             2C16     2C16        C         0
                text35                             13E8     13E8      1B8         0
                text34                             2B14     2B14       28         0
                text33                              E3E      E3E      2EA         0
                text32                             1F62     1F62      102         0
                text31                             230A     230A       C4         0
                text30                             1898     1898      140         0
                text29                             2150     2150       EA         0
                text28                             28BE     28BE       4A         0
                text27                             172A     172A      16E         0
                text26                             2864     2864       5A         0
                text25                             1D4A     1D4A      10C         0
                text24                             1C3E     1C3E      10C         0
                text23                             273C     273C       64         0
                text22                             19D8     19D8      13E         0
                text21                             2A90     2A90       2E         0
                text20                             2BE6     2BE6       18         0
                text19                             2802     2802       62         0
                text18                             2064     2064       EC         0
                text17                             2C4C     2C4C        2         0
                text16                             23CE     23CE       AA         0
                text15                             1128     1128      2C0         0
                text14                             2908     2908       42         0
                text13                             2A28     2A28       34         0
                text12                             1B16     1B16      128         0
                text11                             2648     2648       7C         0
                text10                             15A0     15A0      18A         0
                text9                              27A0     27A0       62         0
                text8                              2AEA     2AEA       2A         0
                text7                              2BAC     2BAC       20         0
                text6                              29F4     29F4       34         0
                text5                              2478     2478       A4         0
                text4                              251C     251C       9E         0
                text3                              2B8A     2B8A       22         0
                text2                              29C0     29C0       34         0
                text1                              298C     298C       34         0
                text0                              26C4     26C4       78         0
                cinit                              25BA     25BA       8E         0
                idataBANK2                         2BCC     2BCC       19         0
                idataBANK1                         223A     223A       D0         0

        CLASS   CONST          

        CLASS   SMALLCONST     
                smallconst                          E00      E00       3E         0

        CLASS   MEDIUMCONST    

        CLASS   COMRAM         
                temp                                 5A       5A        1         1
                cstackCOMRAM                          1        1       56         1
                bssCOMRAM                            57       57        3         1

        CLASS   ABS1           

        CLASS   BIGRAM         

        CLASS   RAM            

        CLASS   BANK0          
                cstackBANK0                          60       60       94         1
                bssBANK0                             F4       F4        6         1

        CLASS   BANK1          
                dataBANK1                           100      100       D0         1
                bssBANK1                            1D0      1D0       20         1

        CLASS   BANK2          
                dataBANK2                           2E1      2E1       19         1
                bssBANK2                            200      200       E1         1

        CLASS   BANK3          
                cstackBANK3                         35C      35C       19         1
                bssBANK3                            300      300       5C         1

        CLASS   BANK4          
                bssBANK4                            400      400       C8         1

        CLASS   BANK5          

        CLASS   BANK6          

        CLASS   BANK7          

        CLASS   BANK8          

        CLASS   BANK9          

        CLASS   BANK10         

        CLASS   BANK11         

        CLASS   BANK12         

        CLASS   BANK13         

        CLASS   SFR            

        CLASS   BIGSFR         

        CLASS   CONFIG         
                config                           300000   300000        6         4

        CLASS   IDLOC          

        CLASS   EEDATA         

        CLASS   FARRAM         

        CLASS   HEAP           

        CLASS   STACK          



SEGMENTS        Name                           Load    Length   Top    Selector   Space  Class

                reset_vec                      000000  000004  000004         0       0  CODE    
                cstackCOMRAM                   000001  00005A  00005B         1       1  COMRAM  
                intcode                        000008  00004A  000052         4       0  CODE    
                cstackBANK0                    000060  00009A  0000FA        60       1  BANK0   
                dataBANK1                      000100  0000F0  0001F0       100       1  BANK1   
                bssBANK2                       000200  0000FA  0002FA       200       1  BANK2   
                bssBANK3                       000300  000075  000375       300       1  BANK3   
                bssBANK4                       000400  0000C8  0004C8       400       1  BANK4   
                smallconst                     000E00  00003E  000E3E       700       0  SMALLCON
                text33                         000E3E  001DA7  002BE5       71F       0  CODE    
                text20                         002BE6  000068  002C4E      15F3       0  CODE    


UNUSED ADDRESS RANGES

        Name                Unused          Largest block    Delta
        BANK0            0000FA-0000FF                6
        BANK1            0001F0-0001FF               10
        BANK10           000A00-000AFF              100
        BANK11           000B00-000BFF              100
        BANK12           000C00-000CFF              100
        BANK13           000D00-000DE9               EA
        BANK2            0002FA-0002FF                6
        BANK3            000375-0003FF               8B
        BANK4            0004C8-0004FF               38
        BANK5            000500-0005FF              100
        BANK6            000600-0006FF              100
        BANK7            000700-0007FF              100
        BANK8            000800-0008FF              100
        BANK9            000900-0009FF              100
        BIGRAM           00005B-00005F                5
                         0000FA-0000FF                6
                         0001F0-0001FF               10
                         0002FA-0002FF                6
                         000375-0003FF               8B
                         0004C8-000DE9              922
        BIGSFR           000DEF-000FFF              211
        CODE             000004-000007                4
                         000052-000DFF              DAE
                         002BE5-002BE5                1
                         002C4E-01FFFF            1D3B2
        COMRAM           00005B-00005F                5
        CONFIG           300006-30000B                6
        CONST            000004-000007                4
                         000052-000DFF              DAE
                         002BE5-002BE5                1
                         002C4E-01FFFF            1D3B2
        EEDATA           310000-3103FF              400
        IDLOC            200000-20000F               10
        MEDIUMCONST      002BE5-002BE5                1
                         002C4E-00FFFF             D3B2
                         010E00-01FFFF             F200
        RAM              0000FA-0000FF                6
                         0001F0-0001FF               10
                         0002FA-0002FF                6
                         000375-0003FF               8B
                         0004C8-000DE9              100
        SFR              000DEF-000FFF              100
        SMALLCONST       002BE5-002BE5                1
                         002C4E-01FFFF              100

                                  Symbol Table

?___aldiv                      cstackCOMRAM 00000B
?___almod                      cstackCOMRAM 000005
?___awdiv                      cstackCOMRAM 000005
?___wmul                       cstackCOMRAM 000005
?_abs                          cstackCOMRAM 00000F
?_checkColor                   cstackCOMRAM 000021
?_mLinit                       cstackCOMRAM 000005
?_mRinit                       cstackCOMRAM 000005
?_sprintf                      cstackCOMRAM 000029
?_vfprintf                     cstackCOMRAM 000025
I2C_2_Master_Read@ack          cstackCOMRAM 000007
I2C_2_Master_Read@tmp          cstackCOMRAM 000008
I2C_2_Master_Write@data_byte   cstackCOMRAM 000006
_ANSELDbits                    (abs)        000EA7
_BAUD4CONbits                  (abs)        000EE9
_CCP1CONbits                   (abs)        000FAB
_CCP2CONbits                   (abs)        000FA7
_CCP3CONbits                   (abs)        000F26
_CCP4CONbits                   (abs)        000F22
_CCPR1H                        (abs)        000FAA
_CCPR2H                        (abs)        000FA6
_CCPR3H                        (abs)        000F25
_CCPR4H                        (abs)        000F21
_CCPTMRS0bits                  (abs)        000FAD
_EUSART4RXbuf                  bssBANK1     0001D0
_EUSART4TXbuf                  bssBANK3     000300
_HighISR                       intcode      000008
_I2C_2_Master_Idle             text41       002B3C
_I2C_2_Master_Init             text8        002AEA
_I2C_2_Master_Read             text40       00294A
_I2C_2_Master_RepStart         text39       002C42
_I2C_2_Master_Start            text38       002C38
_I2C_2_Master_Stop             text37       002C2E
_I2C_2_Master_Write            text36       002C16
_INTCONbits                    (abs)        000FF2
_Interrupts_init               text45       002C22
_LATAbits                      (abs)        000F79
_LATCbits                      (abs)        000F7B
_LATDbits                      (abs)        000F7C
_LATEbits                      (abs)        000F7D
_LATFbits                      (abs)        000F7E
_LATGbits                      (abs)        000F7F
_LATHbits                      (abs)        000F80
_PIE4bits                      (abs)        000E2D
_PIR4bits                      (abs)        000E37
_RC0PPS                        (abs)        000E62
_RC4REG                        (abs)        000EE3
_RC4STAbits                    (abs)        000EE7
_RC7PPS                        (abs)        000E69
_RD5PPS                        (abs)        000E6F
_RD6PPS                        (abs)        000E70
_RE2PPS                        (abs)        000E74
_RE4PPS                        (abs)        000E76
_RG6PPS                        (abs)        000E88
_RX4PPS                        (abs)        000E15
_RxBufReadCnt                  bssBANK0     0000F9
_RxBufWriteCnt                 bssCOMRAM    000059
_SP4BRGH                       (abs)        000EE6
_SP4BRGL                       (abs)        000EE5
_SSP2ADD                       (abs)        000ED6
_SSP2BUF                       (abs)        000ED5
_SSP2CLKPPS                    (abs)        000E1C
_SSP2CON1bits                  (abs)        000ED9
_SSP2CON2                      (abs)        000EDA
_SSP2CON2bits                  (abs)        000EDA
_SSP2DATPPS                    (abs)        000E1D
_SSP2STAT                      (abs)        000ED8
_T2CLKCONbits                  (abs)        000FBF
_T2CONbits                     (abs)        000FBD
_T2HLTbits                     (abs)        000FBE
_T2PR                          (abs)        000FBC
_TRISAbits                     (abs)        000F81
_TRISCbits                     (abs)        000F83
_TRISDbits                     (abs)        000F84
_TRISEbits                     (abs)        000F85
_TRISFbits                     (abs)        000F86
_TRISGbits                     (abs)        000F87
_TRISHbits                     (abs)        000F88
_TX4REG                        (abs)        000EE4
_TX4STAbits                    (abs)        000EE8
_TxBufReadCnt                  bssCOMRAM    000057
_TxBufWriteCnt                 bssCOMRAM    000058
__HRAM                         (abs)        000000
__H__absolute__                __absolute__ 000000
__Habs1                        abs1         000000
__Hbank0                       bank0        000000
__Hbank1                       bank1        000000
__Hbank10                      bank10       000000
__Hbank11                      bank11       000000
__Hbank12                      bank12       000000
__Hbank13                      bank13       000000
__Hbank2                       bank2        000000
__Hbank3                       bank3        000000
__Hbank4                       bank4        000000
__Hbank5                       bank5        000000
__Hbank6                       bank6        000000
__Hbank7                       bank7        000000
__Hbank8                       bank8        000000
__Hbank9                       bank9        000000
__Hbigbss                      bigbss       000000
__Hbigdata                     bigdata      000000
__Hbigram                      bigram       000000
__Hbigsfr                      bigsfr       000000
__Hbss                         bss          000000
__HbssBANK0                    bssBANK0     000000
__HbssBANK1                    bssBANK1     000000
__HbssBANK2                    bssBANK2     000000
__HbssBANK3                    bssBANK3     000000
__HbssBANK4                    bssBANK4     000000
__HbssCOMRAM                   bssCOMRAM    000000
__Hcinit                       cinit        000000
__Hclrtext                     clrtext      000000
__Hcomram                      comram       000000
__Hconfig                      config       300006
__Hconst                       const        000000
__HcstackBANK0                 cstackBANK0  000000
__HcstackBANK3                 cstackBANK3  000000
__HcstackCOMRAM                cstackCOMRAM 000000
__Hdata                        data         000000
__HdataBANK1                   dataBANK1    000000
__HdataBANK2                   dataBANK2    000000
__Heeprom_data                 eeprom_data  000000
__Hfarbss                      farbss       000000
__Hfardata                     fardata      000000
__Hheap                        heap         000000
__Hibigdata                    ibigdata     000000
__Hidata                       idata        000000
__HidataBANK1                  idataBANK1   000000
__HidataBANK2                  idataBANK2   000000
__Hidloc                       idloc        000000
__Hifardata                    ifardata     000000
__Hinit                        init         000052
__Hintcode                     intcode      00004E
__Hintcode_body                intcode_body 000000
__Hintcodelo                   intcodelo    00004E
__Hintentry                    intentry     000000
__Hintret                      intret       000000
__Hintsave_regs                intsave_regs 000000
__Hirdata                      irdata       000000
__Hmediumconst                 mediumconst  000000
__HnvFARRAM                    nvFARRAM     000000
__Hnvbit                       nvbit        000000
__Hnvrram                      nvrram       000000
__Hparam                       rparam       000000
__Hpowerup                     powerup      00004E
__Hram                         ram          000000
__Hramtop                      ramtop       000E00
__Hrbit                        rbit         000000
__Hrbss                        rbss         000000
__Hrdata                       rdata        000000
__Hreset_vec                   reset_vec    000004
__Hrparam                      rparam       000000
__Hsfr                         sfr          000000
__Hsmallconst                  smallconst   000E3E
__Hspace_0                     (abs)        002C4E
__Hspace_1                     (abs)        0004C8
__Hspace_2                     (abs)        000000
__Hspace_4                     (abs)        600006
__Hstack                       stack        000000
__Hstruct                      struct       000000
__Htemp                        temp         00005B
__Htext                        text         000000
__Htext0                       text0        000000
__Htext1                       text1        000000
__Htext10                      text10       000000
__Htext11                      text11       000000
__Htext12                      text12       000000
__Htext13                      text13       000000
__Htext14                      text14       000000
__Htext15                      text15       000000
__Htext16                      text16       000000
__Htext17                      text17       000000
__Htext18                      text18       000000
__Htext19                      text19       000000
__Htext2                       text2        000000
__Htext20                      text20       000000
__Htext21                      text21       000000
__Htext22                      text22       000000
__Htext23                      text23       000000
__Htext24                      text24       000000
__Htext25                      text25       000000
__Htext26                      text26       000000
__Htext27                      text27       000000
__Htext28                      text28       000000
__Htext29                      text29       000000
__Htext3                       text3        000000
__Htext30                      text30       000000
__Htext31                      text31       000000
__Htext32                      text32       000000
__Htext33                      text33       000000
__Htext34                      text34       000000
__Htext35                      text35       000000
__Htext36                      text36       000000
__Htext37                      text37       000000
__Htext38                      text38       000000
__Htext39                      text39       000000
__Htext4                       text4        000000
__Htext40                      text40       000000
__Htext41                      text41       000000
__Htext42                      text42       000000
__Htext43                      text43       000000
__Htext44                      text44       000000
__Htext45                      text45       000000
__Htext47                      text47       000000
__Htext48                      text48       000000
__Htext5                       text5        000000
__Htext6                       text6        000000
__Htext7                       text7        000000
__Htext8                       text8        000000
__Htext9                       text9        000000
__LRAM                         (abs)        000001
__L__absolute__                __absolute__ 000000
__Labs1                        abs1         000000
__Lbank0                       bank0        000000
__Lbank1                       bank1        000000
__Lbank10                      bank10       000000
__Lbank11                      bank11       000000
__Lbank12                      bank12       000000
__Lbank13                      bank13       000000
__Lbank2                       bank2        000000
__Lbank3                       bank3        000000
__Lbank4                       bank4        000000
__Lbank5                       bank5        000000
__Lbank6                       bank6        000000
__Lbank7                       bank7        000000
__Lbank8                       bank8        000000
__Lbank9                       bank9        000000
__Lbigbss                      bigbss       000000
__Lbigdata                     bigdata      000000
__Lbigram                      bigram       000000
__Lbigsfr                      bigsfr       000000
__Lbss                         bss          000000
__LbssBANK0                    bssBANK0     000000
__LbssBANK1                    bssBANK1     000000
__LbssBANK2                    bssBANK2     000000
__LbssBANK3                    bssBANK3     000000
__LbssBANK4                    bssBANK4     000000
__LbssCOMRAM                   bssCOMRAM    000000
__Lcinit                       cinit        000000
__Lclrtext                     clrtext      000000
__Lcomram                      comram       000000
__Lconfig                      config       000000
__Lconst                       const        000000
__LcstackBANK0                 cstackBANK0  000000
__LcstackBANK3                 cstackBANK3  000000
__LcstackCOMRAM                cstackCOMRAM 000000
__Ldata                        data         000000
__LdataBANK1                   dataBANK1    000000
__LdataBANK2                   dataBANK2    000000
__Leeprom_data                 eeprom_data  000000
__Lfarbss                      farbss       000000
__Lfardata                     fardata      000000
__Lheap                        heap         000000
__Libigdata                    ibigdata     000000
__Lidata                       idata        000000
__LidataBANK1                  idataBANK1   000000
__LidataBANK2                  idataBANK2   000000
__Lidloc                       idloc        000000
__Lifardata                    ifardata     000000
__Linit                        init         00004E
__Lintcode                     intcode      000008
__Lintcode_body                intcode_body 000000
__Lintcodelo                   intcodelo    00004E
__Lintentry                    intentry     000000
__Lintret                      intret       000000
__Lintsave_regs                intsave_regs 000000
__Lirdata                      irdata       000000
__Lmediumconst                 mediumconst  000000
__LnvFARRAM                    nvFARRAM     000000
__Lnvbit                       nvbit        000000
__Lnvrram                      nvrram       000000
__Lparam                       rparam       000000
__Lpowerup                     powerup      00004E
__Lram                         ram          000000
__Lramtop                      ramtop       000E00
__Lrbit                        rbit         000000
__Lrbss                        rbss         000000
__Lrdata                       rdata        000000
__Lreset_vec                   reset_vec    000000
__Lrparam                      rparam       000000
__Lsfr                         sfr          000000
__Lsmallconst                  smallconst   000E00
__Lspace_0                     (abs)        000000
__Lspace_1                     (abs)        000000
__Lspace_2                     (abs)        000000
__Lspace_4                     (abs)        000000
__Lstack                       stack        000000
__Lstruct                      struct       000000
__Ltemp                        temp         00005A
__Ltext                        text         000000
__Ltext0                       text0        000000
__Ltext1                       text1        000000
__Ltext10                      text10       000000
__Ltext11                      text11       000000
__Ltext12                      text12       000000
__Ltext13                      text13       000000
__Ltext14                      text14       000000
__Ltext15                      text15       000000
__Ltext16                      text16       000000
__Ltext17                      text17       000000
__Ltext18                      text18       000000
__Ltext19                      text19       000000
__Ltext2                       text2        000000
__Ltext20                      text20       000000
__Ltext21                      text21       000000
__Ltext22                      text22       000000
__Ltext23                      text23       000000
__Ltext24                      text24       000000
__Ltext25                      text25       000000
__Ltext26                      text26       000000
__Ltext27                      text27       000000
__Ltext28                      text28       000000
__Ltext29                      text29       000000
__Ltext3                       text3        000000
__Ltext30                      text30       000000
__Ltext31                      text31       000000
__Ltext32                      text32       000000
__Ltext33                      text33       000000
__Ltext34                      text34       000000
__Ltext35                      text35       000000
__Ltext36                      text36       000000
__Ltext37                      text37       000000
__Ltext38                      text38       000000
__Ltext39                      text39       000000
__Ltext4                       text4        000000
__Ltext40                      text40       000000
__Ltext41                      text41       000000
__Ltext42                      text42       000000
__Ltext43                      text43       000000
__Ltext44                      text44       000000
__Ltext45                      text45       000000
__Ltext47                      text47       000000
__Ltext48                      text48       000000
__Ltext5                       text5        000000
__Ltext6                       text6        000000
__Ltext7                       text7        000000
__Ltext8                       text8        000000
__Ltext9                       text9        000000
__S0                           (abs)        002C4E
__S1                           (abs)        0004C8
__S4                           (abs)        000000
__S5                           (abs)        000000
___aldiv                       text44       001E56
___aldiv@counter               cstackCOMRAM 000013
___aldiv@dividend              cstackCOMRAM 00000B
___aldiv@divisor               cstackCOMRAM 00000F
___aldiv@quotient              cstackCOMRAM 000015
___aldiv@sign                  cstackCOMRAM 000014
___almod                       text18       002064
___almod@counter               cstackCOMRAM 00000D
___almod@dividend              cstackCOMRAM 000005
___almod@divisor               cstackCOMRAM 000009
___almod@sign                  cstackCOMRAM 00000E
___awdiv                       text31       00230A
___awdiv@counter               cstackCOMRAM 000009
___awdiv@dividend              cstackCOMRAM 000005
___awdiv@divisor               cstackCOMRAM 000007
___awdiv@quotient              cstackCOMRAM 00000B
___awdiv@sign                  cstackCOMRAM 00000A
___heap_hi                     (abs)        000000
___heap_lo                     (abs)        000000
___inthi_sp                    stack        000000
___inthi_stack_hi              stack        000000
___inthi_stack_lo              stack        000000
___intlo_sp                    stack        000000
___intlo_stack_hi              stack        000000
___intlo_stack_lo              stack        000000
___param_bank                  (abs)        000000
___rparam_used                 (abs)        000001
___sp                          stack        000000
___stack_hi                    stack        000000
___stack_lo                    stack        000000
___wmul                        text43       002B64
___wmul@multiplicand           cstackCOMRAM 000007
___wmul@multiplier             cstackCOMRAM 000005
___wmul@product                cstackCOMRAM 000009
__accesstop                    (abs)        000060
__activetblptr                 (abs)        000003
__end_of_HighISR               intcode      00004E
__end_of_I2C_2_Master_Idle     text41       002B64
__end_of_I2C_2_Master_Init     text8        002B14
__end_of_I2C_2_Master_Read     text40       00298C
__end_of_I2C_2_Master_RepStart text39       002C4C
__end_of_I2C_2_Master_Start    text38       002C42
__end_of_I2C_2_Master_Stop     text37       002C38
__end_of_I2C_2_Master_Write    text36       002C22
__end_of_Interrupts_init       text45       002C2E
__end_of___aldiv               text44       001F62
__end_of___almod               text18       002150
__end_of___awdiv               text31       0023CE
__end_of___wmul                text43       002B8A
__end_of__initialization       cinit        00263E
__end_of_abs                   text42       002A90
__end_of_away                  text9        002802
__end_of_bump                  text29       00223A
__end_of_checkColor            text33       001128
__end_of_checkIncidence        text28       002908
__end_of_checkWhite            text32       002064
__end_of_color2instruction     text10       00172A
__end_of_color_click_init      text6        002A28
__end_of_color_read_all        text35       0015A0
__end_of_color_writetoaddr     text7        002BCC
__end_of_fputc                 text16       002478
__end_of_getCharFromTxBuf      text48       002AEA
__end_of_goStraight            text27       001898
__end_of_home                  text21       002ABE
__end_of_initCalibColors       text5        00251C
__end_of_initDCmotorsPWM       text4        0025BA
__end_of_initUSART4            text3        002BAC
__end_of_isDataInTxBuf         text47       002C16
__end_of_mLinit                text2        0029F4
__end_of_mRinit                text1        0029C0
__end_of_main                  text0        00273C
__end_of_putch                 text17       002C4E
__end_of_sendCharSerial4       text20       002BFE
__end_of_sendStringSerial4     text19       002864
__end_of_serialColor           text12       001C3E
__end_of_setMotorPWM           text30       0019D8
__end_of_sprintf               text13       002A5C
__end_of_stop                  text26       0028BE
__end_of_storeSequence         text11       0026C4
__end_of_triLED_tog            text34       002B3C
__end_of_turn                  text23       0027A0
__end_of_turnLeft              text25       001E56
__end_of_turnRight             text24       001D4A
__end_of_useSequence           text22       001B16
__end_of_vfpfcnvrt             text15       0013E8
__end_of_vfprintf              text14       00294A
__initialization               cinit        0025BA
__mediumconst                  mediumconst  000000
__pbssBANK0                    bssBANK0     0000F4
__pbssBANK1                    bssBANK1     0001D0
__pbssBANK2                    bssBANK2     000200
__pbssBANK3                    bssBANK3     000300
__pbssBANK4                    bssBANK4     000400
__pbssCOMRAM                   bssCOMRAM    000057
__pcinit                       cinit        0025BA
__pcstackBANK0                 cstackBANK0  000060
__pcstackBANK3                 cstackBANK3  00035C
__pcstackCOMRAM                cstackCOMRAM 000001
__pdataBANK1                   dataBANK1    000100
__pdataBANK2                   dataBANK2    0002E1
__pidataBANK1                  idataBANK1   00223A
__pidataBANK2                  idataBANK2   002BCC
__pintcode                     intcode      000008
__psmallconst                  smallconst   000E00
__ptext0                       text0        0026C4
__ptext1                       text1        00298C
__ptext10                      text10       0015A0
__ptext11                      text11       002648
__ptext12                      text12       001B16
__ptext13                      text13       002A28
__ptext14                      text14       002908
__ptext15                      text15       001128
__ptext16                      text16       0023CE
__ptext17                      text17       002C4C
__ptext18                      text18       002064
__ptext19                      text19       002802
__ptext2                       text2        0029C0
__ptext20                      text20       002BE6
__ptext21                      text21       002A90
__ptext22                      text22       0019D8
__ptext23                      text23       00273C
__ptext24                      text24       001C3E
__ptext25                      text25       001D4A
__ptext26                      text26       002864
__ptext27                      text27       00172A
__ptext28                      text28       0028BE
__ptext29                      text29       002150
__ptext3                       text3        002B8A
__ptext30                      text30       001898
__ptext31                      text31       00230A
__ptext32                      text32       001F62
__ptext33                      text33       000E3E
__ptext34                      text34       002B14
__ptext35                      text35       0013E8
__ptext36                      text36       002C16
__ptext37                      text37       002C2E
__ptext38                      text38       002C38
__ptext39                      text39       002C42
__ptext4                       text4        00251C
__ptext40                      text40       00294A
__ptext41                      text41       002B3C
__ptext42                      text42       002A5C
__ptext43                      text43       002B64
__ptext44                      text44       001E56
__ptext45                      text45       002C22
__ptext47                      text47       002BFE
__ptext48                      text48       002ABE
__ptext5                       text5        002478
__ptext6                       text6        0029F4
__ptext7                       text7        002BAC
__ptext8                       text8        002AEA
__ptext9                       text9        0027A0
__ramtop                       ramtop       000E00
__smallconst                   smallconst   000E00
_abs                           text42       002A5C
_away                          text9        0027A0
_blackC                        dataBANK2    0002E1
_blue                          dataBANK1    00017D
_bump                          text29       002150
_calibColors                   bssBANK2     000200
_checkColor                    text33       000E3E
_checkIncidence                text28       0028BE
_checkWhite                    text32       001F62
_color2instruction             text10       0015A0
_color_click_init              text6        0029F4
_color_read_all                text35       0013E8
_color_writetoaddr             text7        002BAC
_count                         bssBANK1     0001EA
_dbuf                          bssBANK3     00033C
_finished                      bssBANK1     0001EE
_flags                         bssBANK0     0000F8
_fputc                         text16       0023CE
_getCharFromTxBuf              text48       002ABE
_goStraight                    text27       00172A
_green                         dataBANK1    000196
_hist                          bssBANK4     000400
_home                          text21       002A90
_incidenceThresh               dataBANK1    0001CE
_initCalibColors               text5        002478
_initDCmotorsPWM               text4        00251C
_initUSART4                    text3        002B8A
_isDataInTxBuf                 text47       002BFE
_lightBlue                     dataBANK1    000119
_mLinit                        text2        0029C0
_mRinit                        text1        00298C
_main                          text0        0026C4
_maxPowL                       dataBANK1    0001CC
_maxPowR                       dataBANK1    0001CA
_minPow                        dataBANK1    0001C8
_newColorFound                 bssBANK1     0001EC
_orange                        dataBANK1    000132
_pink                          dataBANK1    00014B
_pos                           bssBANK0     0000F4
_prec                          bssBANK1     0001E6
_putch                         text17       002C4C
_readingColor                  bssBANK0     0000F6
_red                           dataBANK1    0001AF
_sendCharSerial4               text20       002BE6
_sendStringSerial4             text19       002802
_serialColor                   text12       001B16
_setMotorPWM                   text30       001898
_sprintf                       text13       002A28
_squaresb4                     bssBANK1     0001E8
_stop                          text26       002864
_storeSequence                 text11       002648
_triLED_tog                    text34       002B14
_turn                          text23       00273C
_turnLeft                      text25       001D4A
_turnRight                     text24       001C3E
_useSequence                   text22       0019D8
_vfpfcnvrt                     text15       001128
_vfprintf                      text14       002908
_whiteC                        dataBANK1    000100
_width                         bssBANK1     0001E4
_yellow                        dataBANK1    000164
abs@a                          cstackCOMRAM 00000F
away@currColor                 cstackBANK3  00035C
away@hist                      cstackBANK0  0000E0
away@mL                        cstackBANK0  0000D0
away@mR                        cstackBANK0  0000D8
btemp                          temp         00005A
bump@direction                 cstackCOMRAM 000015
bump@mL                        cstackCOMRAM 000013
bump@mR                        cstackCOMRAM 000014
checkColor@Vals                cstackBANK0  000083
checkColor@absDiff             cstackBANK0  00007D
checkColor@colorDiff           cstackBANK0  000093
checkColor@currColor           cstackBANK0  000060
checkColor@i                   cstackBANK0  000081
checkColor@prevAbsDiff         cstackBANK0  000079
checkIncidence@tmp             cstackCOMRAM 000021
checkWhite@tmp                 cstackBANK0  0000A3
color2instruction@currColor    cstackBANK0  0000B3
color2instruction@hist         cstackBANK0  0000CC
color2instruction@mL           cstackBANK0  0000A3
color2instruction@mR           cstackBANK0  0000AB
color_read_all@readVals        cstackCOMRAM 000009
color_read_all@tmp             cstackCOMRAM 000011
color_writetoaddr@address      cstackCOMRAM 000008
color_writetoaddr@value        cstackCOMRAM 000007
end_of_initialization          cinit        00263E
fputc@c                        cstackCOMRAM 000005
fputc@fp                       cstackCOMRAM 000007
goStraight@direction           cstackCOMRAM 000015
goStraight@i                   cstackCOMRAM 00001B
goStraight@mL                  cstackCOMRAM 000013
goStraight@mR                  cstackCOMRAM 000014
goStraight@squares             cstackCOMRAM 000017
home@hist                      cstackCOMRAM 000054
home@mL                        cstackCOMRAM 000044
home@mR                        cstackCOMRAM 00004C
initDCmotorsPWM@PWMperiod      cstackCOMRAM 000005
int$flags                      temp         00005A
intlevel0                      text         000000
intlevel1                      text         000000
intlevel2                      text         000000
intlevel3                      text         000000
isa$std                        (abs)        000001
isa$xinst                      (abs)        000000
mLinit@mL                      cstackCOMRAM 00000D
mRinit@mR                      cstackCOMRAM 00000D
main@mL                        cstackBANK0  0000E4
main@mR                        cstackBANK0  0000EC
sendCharSerial4@charToSend     cstackCOMRAM 000005
sendStringSerial4@string       cstackCOMRAM 000006
serialColor@currColor          cstackCOMRAM 00003C
serialColor@testColor          cstackBANK0  000060
setMotorPWM@m                  cstackCOMRAM 00000D
setMotorPWM@negDuty            cstackCOMRAM 000012
setMotorPWM@posDuty            cstackCOMRAM 000011
sprintf@ap                     cstackCOMRAM 00002F
sprintf@f                      cstackCOMRAM 000030
sprintf@fmt                    cstackCOMRAM 00002A
sprintf@s                      cstackCOMRAM 000029
stackhi                        (abs)        000000
stacklo                        (abs)        000000
start                          init         00004E
start_initialization           cinit        0025BA
stop@mL                        cstackCOMRAM 000013
stop@mR                        cstackCOMRAM 000014
storeSequence@angle            cstackCOMRAM 000006
storeSequence@direction        cstackCOMRAM 00000A
storeSequence@history          cstackCOMRAM 000005
storeSequence@polarity         cstackCOMRAM 000008
storeSequence@squares          cstackCOMRAM 00000E
storeSequence@squaresb4        cstackCOMRAM 00000C
triLED_tog@state               cstackCOMRAM 000005
ttemp5                         temp         00005B
ttemp6                         temp         00005E
ttemp7                         temp         000062
turn@iter                      cstackCOMRAM 00002B
turn@mL                        cstackCOMRAM 00001B
turn@mR                        cstackCOMRAM 000023
turn@polarity                  cstackCOMRAM 00002D
turnLeft@i                     cstackCOMRAM 000019
turnLeft@iter                  cstackCOMRAM 000015
turnLeft@mL                    cstackCOMRAM 000013
turnLeft@mR                    cstackCOMRAM 000014
turnRight@i                    cstackCOMRAM 000019
turnRight@iter                 cstackCOMRAM 000015
turnRight@mL                   cstackCOMRAM 000013
turnRight@mR                   cstackCOMRAM 000014
useSequence@history            cstackCOMRAM 00003F
useSequence@i                  cstackCOMRAM 000042
useSequence@mL                 cstackCOMRAM 00002F
useSequence@mR                 cstackCOMRAM 000037
vfpfcnvrt@ap                   cstackCOMRAM 00001B
vfpfcnvrt@c                    cstackCOMRAM 000024
vfpfcnvrt@convarg              cstackCOMRAM 00001F
vfpfcnvrt@cp                   cstackCOMRAM 000023
vfpfcnvrt@done                 cstackCOMRAM 00001E
vfpfcnvrt@fmt                  cstackCOMRAM 00001A
vfpfcnvrt@fp                   cstackCOMRAM 000019
vfprintf@ap                    cstackCOMRAM 000027
vfprintf@cfmt                  cstackCOMRAM 000028
vfprintf@fmt                   cstackCOMRAM 000026
vfprintf@fp                    cstackCOMRAM 000025
wtemp8                         temp         00005B


MODULE INFORMATION

Module		Function		Class		Link	Load	Size
C:\Program Files\Microchip\xc8\v2.45\pic\sources\c99\common\aldiv.c
		___aldiv       		CODE           	1E56	0000	268

C:\Program Files\Microchip\xc8\v2.45\pic\sources\c99\common\aldiv.c estimated size: 268

C:\Program Files\Microchip\xc8\v2.45\pic\sources\c99\common\Umul16.c
		___wmul        		CODE           	2B64	0000	38

C:\Program Files\Microchip\xc8\v2.45\pic\sources\c99\common\Umul16.c estimated size: 38

serial.c
		_sendStringSerial4		CODE           	2802	0000	98
		_sendCharSerial4		CODE           	2BE6	0000	24
		_serialColor   		CODE           	1B16	0000	296
		_isDataInTxBuf 		CODE           	2BFE	0000	24
		_getCharFromTxBuf		CODE           	2ABE	0000	44
		_initUSART4    		CODE           	2B8A	0000	34

serial.c estimated size: 520

color.c
		_useSequence   		CODE           	19D8	0000	318
		_checkColor    		CODE           	0E3E	0000	746
		_color2instruction		CODE           	15A0	0000	394
		_checkWhite    		CODE           	1F62	0000	258
		_color_writetoaddr		CODE           	2BAC	0000	32
		_away          		CODE           	27A0	0000	98
		_color_click_init		CODE           	29F4	0000	52
		_triLED_tog    		CODE           	2B14	0000	40
		_checkIncidence		CODE           	28BE	0000	74
		_color_read_all		CODE           	13E8	0000	440
		_initCalibColors		CODE           	2478	0000	164
		_storeSequence 		CODE           	2648	0000	124
		_home          		CODE           	2A90	0000	46

color.c estimated size: 2786

dc_motor.c
		_turnLeft      		CODE           	1D4A	0000	268
		_turn          		CODE           	273C	0000	100
		_stop          		CODE           	2864	0000	90
		_initDCmotorsPWM		CODE           	251C	0000	158
		_turnRight     		CODE           	1C3E	0000	268
		_goStraight    		CODE           	172A	0000	366
		_setMotorPWM   		CODE           	1898	0000	320
		_bump          		CODE           	2150	0000	234

dc_motor.c estimated size: 1804

interrupts.c
		_Interrupts_init		CODE           	2C22	0000	12
		_HighISR       		CODE           	0008	0000	70

interrupts.c estimated size: 82

i2c.c
		_I2C_2_Master_Start		CODE           	2C38	0000	10
		_I2C_2_Master_Read		CODE           	294A	0000	66
		_I2C_2_Master_Idle		CODE           	2B3C	0000	40
		_I2C_2_Master_Init		CODE           	2AEA	0000	42
		_I2C_2_Master_Stop		CODE           	2C2E	0000	10
		_I2C_2_Master_RepStart		CODE           	2C42	0000	10
		_I2C_2_Master_Write		CODE           	2C16	0000	12

i2c.c estimated size: 190

breakup.c
		_mLinit        		CODE           	29C0	0000	52
		_mRinit        		CODE           	298C	0000	52

breakup.c estimated size: 104

C:\Program Files\Microchip\xc8\v2.45\pic\sources\c99\common\nf_sprintf.c
		_sprintf       		CODE           	2A28	0000	52

C:\Program Files\Microchip\xc8\v2.45\pic\sources\c99\common\nf_sprintf.c estimated size: 52

C:\Program Files\Microchip\xc8\v2.45\pic\sources\c99\common\putch.c
		_putch         		CODE           	2C4C	0000	2

C:\Program Files\Microchip\xc8\v2.45\pic\sources\c99\common\putch.c estimated size: 2

shared
		__initialization		CODE           	25BA	0000	132

shared estimated size: 132

C:\Program Files\Microchip\xc8\v2.45\pic\sources\c99\common\abs.c
		_abs           		CODE           	2A5C	0000	52

C:\Program Files\Microchip\xc8\v2.45\pic\sources\c99\common\abs.c estimated size: 52

C:\Program Files\Microchip\xc8\v2.45\pic\sources\c99\common\almod.c
		___almod       		CODE           	2064	0000	236

C:\Program Files\Microchip\xc8\v2.45\pic\sources\c99\common\almod.c estimated size: 236

main.c
		_main          		CODE           	26C4	0000	120

main.c estimated size: 120

C:\Program Files\Microchip\xc8\v2.45\pic\sources\c99\common\nf_fputc.c
		_fputc         		CODE           	23CE	0000	170

C:\Program Files\Microchip\xc8\v2.45\pic\sources\c99\common\nf_fputc.c estimated size: 170

C:\Program Files\Microchip\xc8\v2.45\pic\sources\c99\common\doprnt.c
		_vfpfcnvrt     		CODE           	1128	0000	704
		_vfprintf      		CODE           	2908	0000	66

C:\Program Files\Microchip\xc8\v2.45\pic\sources\c99\common\doprnt.c estimated size: 770

C:\Program Files\Microchip\xc8\v2.45\pic\sources\c99\common\awdiv.c
		___awdiv       		CODE           	230A	0000	196

C:\Program Files\Microchip\xc8\v2.45\pic\sources\c99\common\awdiv.c estimated size: 196

