Microchip MPLAB XC8 Compiler V2.45

Linker command line:

-W-3 \
  --edf=C:\Program Files\Microchip\xc8\v2.45\pic\dat\20230818022343_en.msgs \
  -cn -h+dist/default/debug\final-project-dej-jonny.X.debug.sym \
  --cmf=dist/default/debug\final-project-dej-jonny.X.debug.cmf -z \
  -Q18F67K40 -oC:\Users\jonat\AppData\Local\Temp\xcAsjuo.\driver_tmp_3.o \
  --defsym=__MPLAB_BUILD=1 --fixupoverflow=error \
  -Mdist/default/debug/final-project-dej-jonny.X.debug.map \
  --md=C:\Users\jonat\AppData\Local\Temp\xcAsjuo.\driver_tmp_0.dat -E1 \
  -ver=XC8 Compiler --acfsm=1493 -ACODE=00h-01FFFFh -ACONST=00h-01FFFFh \
  -ASMALLCONST=0E00h-0EFFhx498 -AMEDIUMCONST=0E00h-0FFFFh,010E00h-01FFFFh \
  -ACOMRAM=01h-05Fh -AABS1=00h-0DE9h -ABIGRAM=01h-0DE9h \
  -ARAM=060h-0FFh,0100h-01FFhx12,0D00h-0DE9h -ABANK0=060h-0FFh \
  -ABANK1=0100h-01FFh -ABANK2=0200h-02FFh -ABANK3=0300h-03FFh \
  -ABANK4=0400h-04FFh -ABANK5=0500h-05FFh -ABANK6=0600h-06FFh \
  -ABANK7=0700h-07FFh -ABANK8=0800h-08FFh -ABANK9=0900h-09FFh \
  -ABANK10=0A00h-0AFFh -ABANK11=0B00h-0BFFh -ABANK12=0C00h-0CFFh \
  -ABANK13=0D00h-0DE9h \
  -ASFR=0DEFh-0DFFh,0E00h-0EFFh,0F00h-0F5Fh,0F60h-0FFFh \
  -ABIGSFR=0DEFh-0FFFh -ACONFIG=0300000h-030000Bh -AIDLOC=0200000h-020000Fh \
  -AEEDATA=0310000h-03103FFh -peeprom_data=EEDATA \
  -preset_vec=00h,intcode=08h,intcodelo,powerup,init -pramtop=0E00h \
  -psmallconst=SMALLCONST -pmediumconst=MEDIUMCONST -pconst=CONST \
  -AFARRAM=00h-00h \
  -prdata=COMRAM,nvrram=COMRAM,nvbit=COMRAM,rbss=COMRAM,rbit=COMRAM \
  -pfarbss=FARRAM,fardata=FARRAM,nvFARRAM=FARRAM \
  -pintsave_regs=BIGRAM,bigbss=BIGRAM,bigdata=BIGRAM -pbss=RAM \
  -pidata=CODE,irdata=CODE,ibigdata=CODE,ifardata=CODE -prparam=COMRAM \
  C:\Users\jonat\AppData\Local\Temp\xcAsjuo.\driver_tmp_9.o \
  dist/default/debug\final-project-dej-jonny.X.debug.o 

Object code version is 3.11

Machine type is 18F67K40



                Name                               Link     Load   Length Selector   Space Scale
C:\Users\jonat\AppData\Local\Temp\xcAsjuo.\driver_tmp_9.o
                config                           300000   300000        6        0       4
                init                                 4E       4E        4        4       0
                reset_vec                             0        0        4        0       0
dist/default/debug\final-project-dej-jonny.X.debug.o
                intcode                               8        8       46        4       0
                config                           300000   300000        6        0       4
                temp                                 5B       5B        1        1       1
                smallconst                          E00      E00       3E      700       0
                text40                             2548     2548       2C      FD5       0
                text39                             2656     2656       18      FD5       0
                text37                             267A     267A        C      FD5       0
                text36                             1A52     1A52      10C      71F       0
                text35                             25EE     25EE       26      FD5       0
                text34                             24E6     24E6       34      FD5       0
                text33                             25C6     25C6       28      FD5       0
                text32                             23D2     23D2       42      FD5       0
                text31                             269A     269A        A      FD5       0
                text30                             2690     2690        A      FD5       0
                text29                             2686     2686        A      FD5       0
                text28                             266E     266E        C      FD5       0
                text27                             1128     1128      1B8      71F       0
                text26                             259E     259E       28      FD5       0
                text25                              E3E      E3E      2EA      71F       0
                text24                             1B5E     1B5E      102      71F       0
                text23                             1E22     1E22       C4      71F       0
                text22                             15BC     15BC      140      71F       0
                text21                             1C60     1C60       EA      71F       0
                text20                             2388     2388       4A      FD5       0
                text19                             144E     144E      16E      71F       0
                text18                             232E     232E       5A      FD5       0
                text17                             1946     1946      10C      71F       0
                text16                             183A     183A      10C      71F       0
                text15                             2268     2268       64      FD5       0
                text14                             16FC     16FC      13E      71F       0
                text13                             251A     251A       2E      FD5       0
                text12                             1D4A     1D4A       D8      71F       0
                text11                             2176     2176       7A      FD5       0
                text10                             12E0     12E0      16E      71F       0
                text9                              22CC     22CC       62      FD5       0
                text8                              2574     2574       2A      FD5       0
                text7                              2636     2636       20      FD5       0
                text6                              24B2     24B2       34      FD5       0
                text5                              1FAA     1FAA       A4      FD5       0
                text4                              204E     204E       9E      FD5       0
                text3                              2614     2614       22      FD5       0
                text2                              247E     247E       34      FD5       0
                text1                              244A     244A       34      FD5       0
                text0                              21F0     21F0       78      FD5       0
                cstackCOMRAM                          1        1       54        1       1
                cstackBANK0                          60       60       98       60       1
                cstackBANK1                         1E1      1E1       1B      100       1
                bssBANK4                            400      400       C8      400       1
                bssBANK3                            300      300       F3      300       1
                dataBANK2                           23C      23C       36      200       1
                bssBANK2                            200      200       3C      200       1
                dataBANK1                           100      100       C3      100       1
                bssBANK1                            1C3      1C3       1E      100       1
                bssCOMRAM                            55       55        6        1       1
                cinit                              20EC     20EC       8A      FD5       0
                idataBANK2                         2414     2414       36      FD5       0
                idataBANK1                         1EE6     1EE6       C3      71F       0

TOTAL           Name                               Link     Load   Length     Space
        CLASS   CODE           
                intcode                               8        8       46         0
                init                                 4E       4E        4         0
                reset_vec                             0        0        4         0
                text40                             2548     2548       2C         0
                text39                             2656     2656       18         0
                text37                             267A     267A        C         0
                text36                             1A52     1A52      10C         0
                text35                             25EE     25EE       26         0
                text34                             24E6     24E6       34         0
                text33                             25C6     25C6       28         0
                text32                             23D2     23D2       42         0
                text31                             269A     269A        A         0
                text30                             2690     2690        A         0
                text29                             2686     2686        A         0
                text28                             266E     266E        C         0
                text27                             1128     1128      1B8         0
                text26                             259E     259E       28         0
                text25                              E3E      E3E      2EA         0
                text24                             1B5E     1B5E      102         0
                text23                             1E22     1E22       C4         0
                text22                             15BC     15BC      140         0
                text21                             1C60     1C60       EA         0
                text20                             2388     2388       4A         0
                text19                             144E     144E      16E         0
                text18                             232E     232E       5A         0
                text17                             1946     1946      10C         0
                text16                             183A     183A      10C         0
                text15                             2268     2268       64         0
                text14                             16FC     16FC      13E         0
                text13                             251A     251A       2E         0
                text12                             1D4A     1D4A       D8         0
                text11                             2176     2176       7A         0
                text10                             12E0     12E0      16E         0
                text9                              22CC     22CC       62         0
                text8                              2574     2574       2A         0
                text7                              2636     2636       20         0
                text6                              24B2     24B2       34         0
                text5                              1FAA     1FAA       A4         0
                text4                              204E     204E       9E         0
                text3                              2614     2614       22         0
                text2                              247E     247E       34         0
                text1                              244A     244A       34         0
                text0                              21F0     21F0       78         0
                cinit                              20EC     20EC       8A         0
                idataBANK2                         2414     2414       36         0
                idataBANK1                         1EE6     1EE6       C3         0

        CLASS   CONST          

        CLASS   SMALLCONST     
                smallconst                          E00      E00       3E         0

        CLASS   MEDIUMCONST    

        CLASS   COMRAM         
                temp                                 5B       5B        1         1
                cstackCOMRAM                          1        1       54         1
                bssCOMRAM                            55       55        6         1

        CLASS   ABS1           

        CLASS   BIGRAM         

        CLASS   RAM            

        CLASS   BANK0          
                cstackBANK0                          60       60       98         1

        CLASS   BANK1          
                cstackBANK1                         1E1      1E1       1B         1
                dataBANK1                           100      100       C3         1
                bssBANK1                            1C3      1C3       1E         1

        CLASS   BANK2          
                dataBANK2                           23C      23C       36         1
                bssBANK2                            200      200       3C         1

        CLASS   BANK3          
                bssBANK3                            300      300       F3         1

        CLASS   BANK4          
                bssBANK4                            400      400       C8         1

        CLASS   BANK5          

        CLASS   BANK6          

        CLASS   BANK7          

        CLASS   BANK8          

        CLASS   BANK9          

        CLASS   BANK10         

        CLASS   BANK11         

        CLASS   BANK12         

        CLASS   BANK13         

        CLASS   SFR            

        CLASS   BIGSFR         

        CLASS   CONFIG         
                config                           300000   300000        6         4

        CLASS   IDLOC          

        CLASS   EEDATA         

        CLASS   FARRAM         

        CLASS   HEAP           

        CLASS   STACK          



SEGMENTS        Name                           Load    Length   Top    Selector   Space  Class

                reset_vec                      000000  000004  000004         0       0  CODE    
                cstackCOMRAM                   000001  00005B  00005C         1       1  COMRAM  
                intcode                        000008  00004A  000052         4       0  CODE    
                cstackBANK0                    000060  000098  0000F8        60       1  BANK0   
                dataBANK1                      000100  0000FC  0001FC       100       1  BANK1   
                bssBANK2                       000200  000072  000272       200       1  BANK2   
                bssBANK3                       000300  0000F3  0003F3       300       1  BANK3   
                bssBANK4                       000400  0000C8  0004C8       400       1  BANK4   
                smallconst                     000E00  00003E  000E3E       700       0  SMALLCON
                text25                         000E3E  00116B  001FA9       71F       0  CODE    
                text5                          001FAA  0006FA  0026A4       FD5       0  CODE    


UNUSED ADDRESS RANGES

        Name                Unused          Largest block    Delta
        BANK0            0000F8-0000FF                8
        BANK1            0001FC-0001FF                4
        BANK10           000A00-000AFF              100
        BANK11           000B00-000BFF              100
        BANK12           000C00-000CFF              100
        BANK13           000D00-000DE9               EA
        BANK2            000272-0002FF               8E
        BANK3            0003F3-0003FF                D
        BANK4            0004C8-0004FF               38
        BANK5            000500-0005FF              100
        BANK6            000600-0006FF              100
        BANK7            000700-0007FF              100
        BANK8            000800-0008FF              100
        BANK9            000900-0009FF              100
        BIGRAM           00005C-00005F                4
                         0000F8-0000FF                8
                         0001FC-0001FF                4
                         000272-0002FF               8E
                         0003F3-0003FF                D
                         0004C8-000DE9              922
        BIGSFR           000DEF-000FFF              211
        CODE             000004-000007                4
                         000052-000DFF              DAE
                         001FA9-001FA9                1
                         0026A4-01FFFF            1D95C
        COMRAM           00005C-00005F                4
        CONFIG           300006-30000B                6
        CONST            000004-000007                4
                         000052-000DFF              DAE
                         001FA9-001FA9                1
                         0026A4-01FFFF            1D95C
        EEDATA           310000-3103FF              400
        IDLOC            200000-20000F               10
        MEDIUMCONST      001FA9-001FA9                1
                         0026A4-00FFFF             D95C
                         010E00-01FFFF             F200
        RAM              0000F8-0000FF                8
                         0001FC-0001FF                4
                         000272-0002FF               8E
                         0003F3-0003FF                D
                         0004C8-000DE9              100
        SFR              000DEF-000FFF              100
        SMALLCONST       001FA9-001FA9                1
                         0026A4-01FFFF              100

                                  Symbol Table

?___aldiv                      cstackCOMRAM 00000B
?___awdiv                      cstackCOMRAM 000005
?___wmul                       cstackCOMRAM 000005
?_abs                          cstackCOMRAM 000005
?_checkColor                   cstackCOMRAM 000021
?_mLinit                       cstackCOMRAM 000005
?_mRinit                       cstackCOMRAM 000005
I2C_2_Master_Read@ack          cstackCOMRAM 000007
I2C_2_Master_Read@tmp          cstackCOMRAM 000008
I2C_2_Master_Write@data_byte   cstackCOMRAM 000006
_ANSELDbits                    (abs)        000EA7
_BAUD4CONbits                  (abs)        000EE9
_CCP1CONbits                   (abs)        000FAB
_CCP2CONbits                   (abs)        000FA7
_CCP3CONbits                   (abs)        000F26
_CCP4CONbits                   (abs)        000F22
_CCPR1H                        (abs)        000FAA
_CCPR2H                        (abs)        000FA6
_CCPR3H                        (abs)        000F25
_CCPR4H                        (abs)        000F21
_CCPTMRS0bits                  (abs)        000FAD
_EUSART4RXbuf                  bssBANK1     0001C3
_EUSART4TXbuf                  bssBANK2     000200
_HighISR                       intcode      000008
_I2C_2_Master_Idle             text33       0025C6
_I2C_2_Master_Init             text8        002574
_I2C_2_Master_Read             text32       0023D2
_I2C_2_Master_RepStart         text31       00269A
_I2C_2_Master_Start            text30       002690
_I2C_2_Master_Stop             text29       002686
_I2C_2_Master_Write            text28       00266E
_INTCONbits                    (abs)        000FF2
_Interrupts_init               text37       00267A
_LATAbits                      (abs)        000F79
_LATCbits                      (abs)        000F7B
_LATDbits                      (abs)        000F7C
_LATEbits                      (abs)        000F7D
_LATFbits                      (abs)        000F7E
_LATGbits                      (abs)        000F7F
_LATHbits                      (abs)        000F80
_PIE4bits                      (abs)        000E2D
_PIR4bits                      (abs)        000E37
_RC0PPS                        (abs)        000E62
_RC4REG                        (abs)        000EE3
_RC4STAbits                    (abs)        000EE7
_RC7PPS                        (abs)        000E69
_RD5PPS                        (abs)        000E6F
_RD6PPS                        (abs)        000E70
_RE2PPS                        (abs)        000E74
_RE4PPS                        (abs)        000E76
_RG6PPS                        (abs)        000E88
_RX4PPS                        (abs)        000E15
_RxBufReadCnt                  bssCOMRAM    000059
_RxBufWriteCnt                 bssCOMRAM    00005A
_SP4BRGH                       (abs)        000EE6
_SP4BRGL                       (abs)        000EE5
_SSP2ADD                       (abs)        000ED6
_SSP2BUF                       (abs)        000ED5
_SSP2CLKPPS                    (abs)        000E1C
_SSP2CON1bits                  (abs)        000ED9
_SSP2CON2                      (abs)        000EDA
_SSP2CON2bits                  (abs)        000EDA
_SSP2DATPPS                    (abs)        000E1D
_SSP2STAT                      (abs)        000ED8
_T2CLKCONbits                  (abs)        000FBF
_T2CONbits                     (abs)        000FBD
_T2HLTbits                     (abs)        000FBE
_T2PR                          (abs)        000FBC
_TRISAbits                     (abs)        000F81
_TRISCbits                     (abs)        000F83
_TRISDbits                     (abs)        000F84
_TRISEbits                     (abs)        000F85
_TRISFbits                     (abs)        000F86
_TRISGbits                     (abs)        000F87
_TRISHbits                     (abs)        000F88
_TX4REG                        (abs)        000EE4
_TX4STAbits                    (abs)        000EE8
_TxBufReadCnt                  bssCOMRAM    000057
_TxBufWriteCnt                 bssCOMRAM    000058
__HRAM                         (abs)        000000
__H__absolute__                __absolute__ 000000
__Habs1                        abs1         000000
__Hbank0                       bank0        000000
__Hbank1                       bank1        000000
__Hbank10                      bank10       000000
__Hbank11                      bank11       000000
__Hbank12                      bank12       000000
__Hbank13                      bank13       000000
__Hbank2                       bank2        000000
__Hbank3                       bank3        000000
__Hbank4                       bank4        000000
__Hbank5                       bank5        000000
__Hbank6                       bank6        000000
__Hbank7                       bank7        000000
__Hbank8                       bank8        000000
__Hbank9                       bank9        000000
__Hbigbss                      bigbss       000000
__Hbigdata                     bigdata      000000
__Hbigram                      bigram       000000
__Hbigsfr                      bigsfr       000000
__Hbss                         bss          000000
__HbssBANK1                    bssBANK1     000000
__HbssBANK2                    bssBANK2     000000
__HbssBANK3                    bssBANK3     000000
__HbssBANK4                    bssBANK4     000000
__HbssCOMRAM                   bssCOMRAM    000000
__Hcinit                       cinit        000000
__Hclrtext                     clrtext      000000
__Hcomram                      comram       000000
__Hconfig                      config       300006
__Hconst                       const        000000
__HcstackBANK0                 cstackBANK0  000000
__HcstackBANK1                 cstackBANK1  000000
__HcstackCOMRAM                cstackCOMRAM 000000
__Hdata                        data         000000
__HdataBANK1                   dataBANK1    000000
__HdataBANK2                   dataBANK2    000000
__Heeprom_data                 eeprom_data  000000
__Hfarbss                      farbss       000000
__Hfardata                     fardata      000000
__Hheap                        heap         000000
__Hibigdata                    ibigdata     000000
__Hidata                       idata        000000
__HidataBANK1                  idataBANK1   000000
__HidataBANK2                  idataBANK2   000000
__Hidloc                       idloc        000000
__Hifardata                    ifardata     000000
__Hinit                        init         000052
__Hintcode                     intcode      00004E
__Hintcode_body                intcode_body 000000
__Hintcodelo                   intcodelo    00004E
__Hintentry                    intentry     000000
__Hintret                      intret       000000
__Hintsave_regs                intsave_regs 000000
__Hirdata                      irdata       000000
__Hmediumconst                 mediumconst  000000
__HnvFARRAM                    nvFARRAM     000000
__Hnvbit                       nvbit        000000
__Hnvrram                      nvrram       000000
__Hparam                       rparam       000000
__Hpowerup                     powerup      00004E
__Hram                         ram          000000
__Hramtop                      ramtop       000E00
__Hrbit                        rbit         000000
__Hrbss                        rbss         000000
__Hrdata                       rdata        000000
__Hreset_vec                   reset_vec    000004
__Hrparam                      rparam       000000
__Hsfr                         sfr          000000
__Hsmallconst                  smallconst   000E3E
__Hspace_0                     (abs)        0026A4
__Hspace_1                     (abs)        0004C8
__Hspace_2                     (abs)        000000
__Hspace_4                     (abs)        600006
__Hstack                       stack        000000
__Hstruct                      struct       000000
__Htemp                        temp         00005C
__Htext                        text         000000
__Htext0                       text0        000000
__Htext1                       text1        000000
__Htext10                      text10       000000
__Htext11                      text11       000000
__Htext12                      text12       000000
__Htext13                      text13       000000
__Htext14                      text14       000000
__Htext15                      text15       000000
__Htext16                      text16       000000
__Htext17                      text17       000000
__Htext18                      text18       000000
__Htext19                      text19       000000
__Htext2                       text2        000000
__Htext20                      text20       000000
__Htext21                      text21       000000
__Htext22                      text22       000000
__Htext23                      text23       000000
__Htext24                      text24       000000
__Htext25                      text25       000000
__Htext26                      text26       000000
__Htext27                      text27       000000
__Htext28                      text28       000000
__Htext29                      text29       000000
__Htext3                       text3        000000
__Htext30                      text30       000000
__Htext31                      text31       000000
__Htext32                      text32       000000
__Htext33                      text33       000000
__Htext34                      text34       000000
__Htext35                      text35       000000
__Htext36                      text36       000000
__Htext37                      text37       000000
__Htext39                      text39       000000
__Htext4                       text4        000000
__Htext40                      text40       000000
__Htext5                       text5        000000
__Htext6                       text6        000000
__Htext7                       text7        000000
__Htext8                       text8        000000
__Htext9                       text9        000000
__LRAM                         (abs)        000001
__L__absolute__                __absolute__ 000000
__Labs1                        abs1         000000
__Lbank0                       bank0        000000
__Lbank1                       bank1        000000
__Lbank10                      bank10       000000
__Lbank11                      bank11       000000
__Lbank12                      bank12       000000
__Lbank13                      bank13       000000
__Lbank2                       bank2        000000
__Lbank3                       bank3        000000
__Lbank4                       bank4        000000
__Lbank5                       bank5        000000
__Lbank6                       bank6        000000
__Lbank7                       bank7        000000
__Lbank8                       bank8        000000
__Lbank9                       bank9        000000
__Lbigbss                      bigbss       000000
__Lbigdata                     bigdata      000000
__Lbigram                      bigram       000000
__Lbigsfr                      bigsfr       000000
__Lbss                         bss          000000
__LbssBANK1                    bssBANK1     000000
__LbssBANK2                    bssBANK2     000000
__LbssBANK3                    bssBANK3     000000
__LbssBANK4                    bssBANK4     000000
__LbssCOMRAM                   bssCOMRAM    000000
__Lcinit                       cinit        000000
__Lclrtext                     clrtext      000000
__Lcomram                      comram       000000
__Lconfig                      config       000000
__Lconst                       const        000000
__LcstackBANK0                 cstackBANK0  000000
__LcstackBANK1                 cstackBANK1  000000
__LcstackCOMRAM                cstackCOMRAM 000000
__Ldata                        data         000000
__LdataBANK1                   dataBANK1    000000
__LdataBANK2                   dataBANK2    000000
__Leeprom_data                 eeprom_data  000000
__Lfarbss                      farbss       000000
__Lfardata                     fardata      000000
__Lheap                        heap         000000
__Libigdata                    ibigdata     000000
__Lidata                       idata        000000
__LidataBANK1                  idataBANK1   000000
__LidataBANK2                  idataBANK2   000000
__Lidloc                       idloc        000000
__Lifardata                    ifardata     000000
__Linit                        init         00004E
__Lintcode                     intcode      000008
__Lintcode_body                intcode_body 000000
__Lintcodelo                   intcodelo    00004E
__Lintentry                    intentry     000000
__Lintret                      intret       000000
__Lintsave_regs                intsave_regs 000000
__Lirdata                      irdata       000000
__Lmediumconst                 mediumconst  000000
__LnvFARRAM                    nvFARRAM     000000
__Lnvbit                       nvbit        000000
__Lnvrram                      nvrram       000000
__Lparam                       rparam       000000
__Lpowerup                     powerup      00004E
__Lram                         ram          000000
__Lramtop                      ramtop       000E00
__Lrbit                        rbit         000000
__Lrbss                        rbss         000000
__Lrdata                       rdata        000000
__Lreset_vec                   reset_vec    000000
__Lrparam                      rparam       000000
__Lsfr                         sfr          000000
__Lsmallconst                  smallconst   000E00
__Lspace_0                     (abs)        000000
__Lspace_1                     (abs)        000000
__Lspace_2                     (abs)        000000
__Lspace_4                     (abs)        000000
__Lstack                       stack        000000
__Lstruct                      struct       000000
__Ltemp                        temp         00005B
__Ltext                        text         000000
__Ltext0                       text0        000000
__Ltext1                       text1        000000
__Ltext10                      text10       000000
__Ltext11                      text11       000000
__Ltext12                      text12       000000
__Ltext13                      text13       000000
__Ltext14                      text14       000000
__Ltext15                      text15       000000
__Ltext16                      text16       000000
__Ltext17                      text17       000000
__Ltext18                      text18       000000
__Ltext19                      text19       000000
__Ltext2                       text2        000000
__Ltext20                      text20       000000
__Ltext21                      text21       000000
__Ltext22                      text22       000000
__Ltext23                      text23       000000
__Ltext24                      text24       000000
__Ltext25                      text25       000000
__Ltext26                      text26       000000
__Ltext27                      text27       000000
__Ltext28                      text28       000000
__Ltext29                      text29       000000
__Ltext3                       text3        000000
__Ltext30                      text30       000000
__Ltext31                      text31       000000
__Ltext32                      text32       000000
__Ltext33                      text33       000000
__Ltext34                      text34       000000
__Ltext35                      text35       000000
__Ltext36                      text36       000000
__Ltext37                      text37       000000
__Ltext39                      text39       000000
__Ltext4                       text4        000000
__Ltext40                      text40       000000
__Ltext5                       text5        000000
__Ltext6                       text6        000000
__Ltext7                       text7        000000
__Ltext8                       text8        000000
__Ltext9                       text9        000000
__S0                           (abs)        0026A4
__S1                           (abs)        0004C8
__S4                           (abs)        000000
__S5                           (abs)        000000
___aldiv                       text36       001A52
___aldiv@counter               cstackCOMRAM 000013
___aldiv@dividend              cstackCOMRAM 00000B
___aldiv@divisor               cstackCOMRAM 00000F
___aldiv@quotient              cstackCOMRAM 000015
___aldiv@sign                  cstackCOMRAM 000014
___awdiv                       text23       001E22
___awdiv@counter               cstackCOMRAM 000009
___awdiv@dividend              cstackCOMRAM 000005
___awdiv@divisor               cstackCOMRAM 000007
___awdiv@quotient              cstackCOMRAM 00000B
___awdiv@sign                  cstackCOMRAM 00000A
___heap_hi                     (abs)        000000
___heap_lo                     (abs)        000000
___inthi_sp                    stack        000000
___inthi_stack_hi              stack        000000
___inthi_stack_lo              stack        000000
___intlo_sp                    stack        000000
___intlo_stack_hi              stack        000000
___intlo_stack_lo              stack        000000
___param_bank                  (abs)        000000
___rparam_used                 (abs)        000001
___sp                          stack        000000
___stack_hi                    stack        000000
___stack_lo                    stack        000000
___wmul                        text35       0025EE
___wmul@multiplicand           cstackCOMRAM 000007
___wmul@multiplier             cstackCOMRAM 000005
___wmul@product                cstackCOMRAM 000009
__accesstop                    (abs)        000060
__activetblptr                 (abs)        000002
__end_of_HighISR               intcode      00004E
__end_of_I2C_2_Master_Idle     text33       0025EE
__end_of_I2C_2_Master_Init     text8        00259E
__end_of_I2C_2_Master_Read     text32       002414
__end_of_I2C_2_Master_RepStart text31       0026A4
__end_of_I2C_2_Master_Start    text30       00269A
__end_of_I2C_2_Master_Stop     text29       002690
__end_of_I2C_2_Master_Write    text28       00267A
__end_of_Interrupts_init       text37       002686
__end_of___aldiv               text36       001B5E
__end_of___awdiv               text23       001EE6
__end_of___wmul                text35       002614
__end_of__initialization       cinit        002168
__end_of_abs                   text34       00251A
__end_of_away                  text9        00232E
__end_of_bump                  text21       001D4A
__end_of_checkColor            text25       001128
__end_of_checkIncidence        text20       0023D2
__end_of_checkWhite            text24       001C60
__end_of_color2instruction     text10       00144E
__end_of_color_click_init      text6        0024E6
__end_of_color_read_all        text27       0012E0
__end_of_color_writetoaddr     text7        002656
__end_of_getCharFromTxBuf      text40       002574
__end_of_goStraight            text19       0015BC
__end_of_home                  text13       002548
__end_of_initCalibColors       text5        00204E
__end_of_initDCmotorsPWM       text4        0020EC
__end_of_initUSART4            text3        002636
__end_of_isDataInTxBuf         text39       00266E
__end_of_mLinit                text2        0024B2
__end_of_mRinit                text1        00247E
__end_of_main                  text0        002268
__end_of_processSequence       text12       001E22
__end_of_setMotorPWM           text22       0016FC
__end_of_stop                  text18       002388
__end_of_storeSequence         text11       0021F0
__end_of_triLED_tog            text26       0025C6
__end_of_turn                  text15       0022CC
__end_of_turnLeft              text17       001A52
__end_of_turnRight             text16       001946
__end_of_useSequence           text14       00183A
__initialization               cinit        0020EC
__mediumconst                  mediumconst  000000
__pbssBANK1                    bssBANK1     0001C3
__pbssBANK2                    bssBANK2     000200
__pbssBANK3                    bssBANK3     000300
__pbssBANK4                    bssBANK4     000400
__pbssCOMRAM                   bssCOMRAM    000055
__pcinit                       cinit        0020EC
__pcstackBANK0                 cstackBANK0  000060
__pcstackBANK1                 cstackBANK1  0001E1
__pcstackCOMRAM                cstackCOMRAM 000001
__pdataBANK1                   dataBANK1    000100
__pdataBANK2                   dataBANK2    00023C
__pidataBANK1                  idataBANK1   001EE6
__pidataBANK2                  idataBANK2   002414
__pintcode                     intcode      000008
__psmallconst                  smallconst   000E00
__ptext0                       text0        0021F0
__ptext1                       text1        00244A
__ptext10                      text10       0012E0
__ptext11                      text11       002176
__ptext12                      text12       001D4A
__ptext13                      text13       00251A
__ptext14                      text14       0016FC
__ptext15                      text15       002268
__ptext16                      text16       00183A
__ptext17                      text17       001946
__ptext18                      text18       00232E
__ptext19                      text19       00144E
__ptext2                       text2        00247E
__ptext20                      text20       002388
__ptext21                      text21       001C60
__ptext22                      text22       0015BC
__ptext23                      text23       001E22
__ptext24                      text24       001B5E
__ptext25                      text25       000E3E
__ptext26                      text26       00259E
__ptext27                      text27       001128
__ptext28                      text28       00266E
__ptext29                      text29       002686
__ptext3                       text3        002614
__ptext30                      text30       002690
__ptext31                      text31       00269A
__ptext32                      text32       0023D2
__ptext33                      text33       0025C6
__ptext34                      text34       0024E6
__ptext35                      text35       0025EE
__ptext36                      text36       001A52
__ptext37                      text37       00267A
__ptext39                      text39       002656
__ptext4                       text4        00204E
__ptext40                      text40       002548
__ptext5                       text5        001FAA
__ptext6                       text6        0024B2
__ptext7                       text7        002636
__ptext8                       text8        002574
__ptext9                       text9        0022CC
__ramtop                       ramtop       000E00
__smallconst                   smallconst   000E00
_abs                           text34       0024E6
_away                          text9        0022CC
_blackC                        dataBANK2    00023C
_blue                          dataBANK1    00016C
_bump                          text21       001C60
_calibColors                   bssBANK3     000300
_checkColor                    text25       000E3E
_checkIncidence                text20       002388
_checkWhite                    text24       001B5E
_color2instruction             text10       0012E0
_color_click_init              text6        0024B2
_color_read_all                text27       001128
_color_writetoaddr             text7        002636
_count                         bssBANK1     0001D9
_finished                      bssBANK1     0001DD
_getCharFromTxBuf              text40       002548
_goStraight                    text19       00144E
_green                         dataBANK1    000187
_hist                          bssBANK4     000400
_home                          text13       00251A
_incidenceThresh               dataBANK1    0001C1
_initCalibColors               text5        001FAA
_initDCmotorsPWM               text4        00204E
_initUSART4                    text3        002614
_isDataInTxBuf                 text39       002656
_lightBlue                     dataBANK1    000100
_mLinit                        text2        00247E
_mRinit                        text1        00244A
_main                          text0        0021F0
_maxPow                        dataBANK1    0001BF
_minPow                        dataBANK1    0001BD
_newColorFound                 bssBANK1     0001DB
_orange                        dataBANK1    00011B
_pink                          dataBANK1    000136
_pos                           bssCOMRAM    000055
_processSequence               text12       001D4A
_readingColor                  bssBANK1     0001DF
_red                           dataBANK1    0001A2
_setMotorPWM                   text22       0015BC
_squaresb4                     bssBANK1     0001D7
_stop                          text18       00232E
_storeSequence                 text11       002176
_triLED_tog                    text26       00259E
_turn                          text15       002268
_turnLeft                      text17       001946
_turnRight                     text16       00183A
_useSequence                   text14       0016FC
_whiteC                        dataBANK2    000257
_yellow                        dataBANK1    000151
abs@a                          cstackCOMRAM 000005
away@currColor                 cstackBANK1  0001E1
away@hist                      cstackBANK0  0000E4
away@mL                        cstackBANK0  0000D4
away@mR                        cstackBANK0  0000DC
btemp                          temp         00005B
bump@direction                 cstackCOMRAM 000015
bump@mL                        cstackCOMRAM 000013
bump@mR                        cstackCOMRAM 000014
checkColor@Vals                cstackBANK0  000085
checkColor@absDiff             cstackBANK0  00007F
checkColor@colorDiff           cstackBANK0  000095
checkColor@currColor           cstackBANK0  000060
checkColor@i                   cstackBANK0  000083
checkColor@prevAbsDiff         cstackBANK0  00007B
checkIncidence@tmp             cstackCOMRAM 000021
checkWhite@tmp                 cstackBANK0  0000A5
color2instruction@currColor    cstackBANK0  0000B5
color2instruction@hist         cstackBANK0  0000D0
color2instruction@mL           cstackBANK0  0000A5
color2instruction@mR           cstackBANK0  0000AD
color_read_all@readVals        cstackCOMRAM 000009
color_read_all@tmp             cstackCOMRAM 000011
color_writetoaddr@address      cstackCOMRAM 000008
color_writetoaddr@value        cstackCOMRAM 000007
end_of_initialization          cinit        002168
goStraight@direction           cstackCOMRAM 000015
goStraight@i                   cstackCOMRAM 00001B
goStraight@mL                  cstackCOMRAM 000013
goStraight@mR                  cstackCOMRAM 000014
goStraight@squares             cstackCOMRAM 000017
home@hist                      cstackCOMRAM 000054
home@mL                        cstackCOMRAM 000044
home@mR                        cstackCOMRAM 00004C
initDCmotorsPWM@PWMperiod      cstackCOMRAM 000005
int$flags                      temp         00005B
intlevel0                      text         000000
intlevel1                      text         000000
intlevel2                      text         000000
intlevel3                      text         000000
isa$std                        (abs)        000001
isa$xinst                      (abs)        000000
mLinit@mL                      cstackCOMRAM 00000D
mRinit@mR                      cstackCOMRAM 00000D
main@mL                        cstackBANK0  0000E8
main@mR                        cstackBANK0  0000F0
processSequence@history        cstackCOMRAM 000005
processSequence@i              cstackCOMRAM 00000A
setMotorPWM@m                  cstackCOMRAM 00000D
setMotorPWM@negDuty            cstackCOMRAM 000012
setMotorPWM@posDuty            cstackCOMRAM 000011
stackhi                        (abs)        000000
stacklo                        (abs)        000000
start                          init         00004E
start_initialization           cinit        0020EC
stop@mL                        cstackCOMRAM 000013
stop@mR                        cstackCOMRAM 000014
storeSequence@angle            cstackCOMRAM 000006
storeSequence@direction        cstackCOMRAM 00000A
storeSequence@history          cstackCOMRAM 000005
storeSequence@polarity         cstackCOMRAM 000008
storeSequence@squares          cstackCOMRAM 00000E
storeSequence@squaresb4        cstackCOMRAM 00000C
triLED_tog@state               cstackCOMRAM 000005
ttemp5                         temp         00005C
ttemp6                         temp         00005F
ttemp7                         temp         000063
turn@iter                      cstackCOMRAM 00002B
turn@mL                        cstackCOMRAM 00001B
turn@mR                        cstackCOMRAM 000023
turn@polarity                  cstackCOMRAM 00002D
turnLeft@i                     cstackCOMRAM 000019
turnLeft@iter                  cstackCOMRAM 000015
turnLeft@mL                    cstackCOMRAM 000013
turnLeft@mR                    cstackCOMRAM 000014
turnRight@i                    cstackCOMRAM 000019
turnRight@iter                 cstackCOMRAM 000015
turnRight@mL                   cstackCOMRAM 000013
turnRight@mR                   cstackCOMRAM 000014
useSequence@history            cstackCOMRAM 00003F
useSequence@i                  cstackCOMRAM 000042
useSequence@mL                 cstackCOMRAM 00002F
useSequence@mR                 cstackCOMRAM 000037
wtemp8                         temp         00005C


MODULE INFORMATION

Module		Function		Class		Link	Load	Size
C:\Program Files\Microchip\xc8\v2.45\pic\sources\c99\common\aldiv.c
		___aldiv       		CODE           	1A52	0000	268

C:\Program Files\Microchip\xc8\v2.45\pic\sources\c99\common\aldiv.c estimated size: 268

C:\Program Files\Microchip\xc8\v2.45\pic\sources\c99\common\Umul16.c
		___wmul        		CODE           	25EE	0000	38

C:\Program Files\Microchip\xc8\v2.45\pic\sources\c99\common\Umul16.c estimated size: 38

serial.c
		_isDataInTxBuf 		CODE           	2656	0000	24
		_getCharFromTxBuf		CODE           	2548	0000	44
		_initUSART4    		CODE           	2614	0000	34

serial.c estimated size: 102

color.c
		_useSequence   		CODE           	16FC	0000	318
		_checkColor    		CODE           	0E3E	0000	746
		_color2instruction		CODE           	12E0	0000	366
		_checkWhite    		CODE           	1B5E	0000	258
		_color_writetoaddr		CODE           	2636	0000	32
		_away          		CODE           	22CC	0000	98
		_color_click_init		CODE           	24B2	0000	52
		_triLED_tog    		CODE           	259E	0000	40
		_processSequence		CODE           	1D4A	0000	216
		_checkIncidence		CODE           	2388	0000	74
		_color_read_all		CODE           	1128	0000	440
		_initCalibColors		CODE           	1FAA	0000	164
		_storeSequence 		CODE           	2176	0000	122
		_home          		CODE           	251A	0000	46

color.c estimated size: 2972

dc_motor.c
		_turnLeft      		CODE           	1946	0000	268
		_turn          		CODE           	2268	0000	100
		_stop          		CODE           	232E	0000	90
		_initDCmotorsPWM		CODE           	204E	0000	158
		_turnRight     		CODE           	183A	0000	268
		_goStraight    		CODE           	144E	0000	366
		_setMotorPWM   		CODE           	15BC	0000	320
		_bump          		CODE           	1C60	0000	234

dc_motor.c estimated size: 1804

interrupts.c
		_Interrupts_init		CODE           	267A	0000	12
		_HighISR       		CODE           	0008	0000	70

interrupts.c estimated size: 82

i2c.c
		_I2C_2_Master_Start		CODE           	2690	0000	10
		_I2C_2_Master_Read		CODE           	23D2	0000	66
		_I2C_2_Master_Idle		CODE           	25C6	0000	40
		_I2C_2_Master_Init		CODE           	2574	0000	42
		_I2C_2_Master_Stop		CODE           	2686	0000	10
		_I2C_2_Master_RepStart		CODE           	269A	0000	10
		_I2C_2_Master_Write		CODE           	266E	0000	12

i2c.c estimated size: 190

breakup.c
		_mLinit        		CODE           	247E	0000	52
		_mRinit        		CODE           	244A	0000	52

breakup.c estimated size: 104

shared
		__initialization		CODE           	20EC	0000	124

shared estimated size: 124

C:\Program Files\Microchip\xc8\v2.45\pic\sources\c99\common\abs.c
		_abs           		CODE           	24E6	0000	52

C:\Program Files\Microchip\xc8\v2.45\pic\sources\c99\common\abs.c estimated size: 52

main.c
		_main          		CODE           	21F0	0000	120

main.c estimated size: 120

C:\Program Files\Microchip\xc8\v2.45\pic\sources\c99\common\awdiv.c
		___awdiv       		CODE           	1E22	0000	196

C:\Program Files\Microchip\xc8\v2.45\pic\sources\c99\common\awdiv.c estimated size: 196

